../Core/Src/main.c:139:6:EmptyBuffer	24	static
../Core/Src/main.c:153:6:HCSR04_Read	8	static
../Core/Src/main.c:163:6:delay	16	static
../Core/Src/main.c:179:5:main	352	static
../Core/Src/main.c:315:6:SystemClock_Config	88	static
../Core/Src/main.c:359:13:MX_NVIC_Init	8	static
../Core/Src/main.c:371:13:MX_TIM1_Init	32	static
../Core/Src/main.c:420:13:MX_USART2_UART_Init	8	static
../Core/Src/main.c:453:13:MX_GPIO_Init	48	static
../Core/Src/main.c:499:6:HAL_GPIO_EXTI_Callback	16	static
../Core/Src/main.c:509:6:HAL_UART_RxCpltCallback	24	static
../Core/Src/main.c:566:6:HAL_TIM_IC_CaptureCallback	16	static
../Core/Src/main.c:632:6:StartImuTask	72	static
../Core/Src/main.c:667:6:StartGpsTask	48	static
../Core/Src/main.c:703:6:StartKFTask	48	static
../Core/Src/main.c:740:6:StartRadarTask	24	static
../Core/Src/main.c:772:6:StartExButtonIntTask	40	static
../Core/Src/main.c:831:6:StartMotorTask	16	static
../Core/Src/main.c:859:6:StartMainTask	16	static
../Core/Src/main.c:897:6:StartObjectDetectTask	40	static
../Core/Src/main.c:959:6:StartUartTask	48	static
../Core/Src/main.c:1011:6:HAL_TIM_PeriodElapsedCallback	16	static
../Core/Src/main.c:1028:6:Error_Handler	4	static,ignoring_inline_asm
