../Core/Src/main.c:138:6:EmptyBuffer	24	static
../Core/Src/main.c:152:6:HCSR04_Read	8	static
../Core/Src/main.c:162:6:delay	16	static
../Core/Src/main.c:178:5:main	352	static
../Core/Src/main.c:314:6:SystemClock_Config	88	static
../Core/Src/main.c:358:13:MX_NVIC_Init	8	static
../Core/Src/main.c:370:13:MX_TIM1_Init	32	static
../Core/Src/main.c:419:13:MX_USART2_UART_Init	8	static
../Core/Src/main.c:452:13:MX_GPIO_Init	48	static
../Core/Src/main.c:498:6:HAL_GPIO_EXTI_Callback	16	static
../Core/Src/main.c:508:6:HAL_UART_RxCpltCallback	24	static
../Core/Src/main.c:565:6:HAL_TIM_IC_CaptureCallback	16	static
../Core/Src/main.c:631:6:StartImuTask	56	static
../Core/Src/main.c:678:6:StartGpsTask	40	static
../Core/Src/main.c:721:6:StartKFTask	40	static
../Core/Src/main.c:774:6:StartRadarTask	24	static
../Core/Src/main.c:806:6:StartExButtonIntTask	40	static
../Core/Src/main.c:878:6:StartMotorTask	16	static
../Core/Src/main.c:906:6:StartMainTask	16	static
../Core/Src/main.c:944:6:StartObjectDetectTask	40	static
../Core/Src/main.c:1015:6:StartUartTask	48	static
../Core/Src/main.c:1066:6:HAL_TIM_PeriodElapsedCallback	16	static
../Core/Src/main.c:1083:6:Error_Handler	4	static,ignoring_inline_asm
