../Core/Src/main.c:84:5:main	216	static
../Core/Src/main.c:184:6:SystemClock_Config	88	static
../Core/Src/main.c:228:13:MX_NVIC_Init	8	static
../Core/Src/main.c:240:13:MX_USART2_UART_Init	8	static
../Core/Src/main.c:273:13:MX_GPIO_Init	48	static
../Core/Src/main.c:319:6:HAL_GPIO_EXTI_Callback	16	static
../Core/Src/main.c:337:6:StartImuTask	16	static
../Core/Src/main.c:355:6:StartGpsTask	16	static
../Core/Src/main.c:373:6:StartKFTask	16	static
../Core/Src/main.c:391:6:StartRadarTask	16	static
../Core/Src/main.c:409:6:StartUartTask	16	static
../Core/Src/main.c:427:6:StartExButtonIntTask	32	static
../Core/Src/main.c:453:6:StartLcdTask	16	static
../Core/Src/main.c:472:6:HAL_TIM_PeriodElapsedCallback	16	static
../Core/Src/main.c:489:6:Error_Handler	4	static,ignoring_inline_asm
