../Core/Src/main.c:97:5:main	304	static
../Core/Src/main.c:214:6:SystemClock_Config	88	static
../Core/Src/main.c:258:13:MX_NVIC_Init	8	static
../Core/Src/main.c:270:13:MX_USART2_UART_Init	8	static
../Core/Src/main.c:303:13:MX_GPIO_Init	48	static
../Core/Src/main.c:349:6:HAL_GPIO_EXTI_Callback	16	static
../Core/Src/main.c:359:6:HAL_UART_RxCpltCallback	16	static
../Core/Src/main.c:412:6:StartImuTask	16	static
../Core/Src/main.c:435:6:StartGpsTask	16	static
../Core/Src/main.c:458:6:StartKFTask	16	static
../Core/Src/main.c:481:6:StartRadarTask	16	static
../Core/Src/main.c:505:6:StartUartTask	16	static
../Core/Src/main.c:527:6:StartExButtonIntTask	40	static
../Core/Src/main.c:565:6:StartLcdTask	16	static
../Core/Src/main.c:588:6:StartMotorTask	24	static
../Core/Src/main.c:614:6:StartMainTask	16	static
../Core/Src/main.c:647:6:StartObjectDetectTask	32	static
../Core/Src/main.c:673:6:EmptyBuffer	24	static
../Core/Src/main.c:690:6:HAL_TIM_PeriodElapsedCallback	16	static
../Core/Src/main.c:707:6:Error_Handler	4	static,ignoring_inline_asm
