../Core/Src/main.c:124:5:main	352	static
../Core/Src/main.c:254:6:SystemClock_Config	88	static
../Core/Src/main.c:298:13:MX_NVIC_Init	8	static
../Core/Src/main.c:310:13:MX_USART2_UART_Init	8	static
../Core/Src/main.c:343:13:MX_GPIO_Init	48	static
../Core/Src/main.c:389:6:HAL_GPIO_EXTI_Callback	16	static
../Core/Src/main.c:399:6:HAL_UART_RxCpltCallback	16	static
../Core/Src/main.c:452:6:StartImuTask	40	static
../Core/Src/main.c:487:6:StartGpsTask	48	static
../Core/Src/main.c:523:6:StartKFTask	48	static
../Core/Src/main.c:560:6:StartRadarTask	24	static
../Core/Src/main.c:594:6:StartUartTask	16	static
../Core/Src/main.c:616:6:StartExButtonIntTask	40	static
../Core/Src/main.c:654:6:StartLcdTask	16	static
../Core/Src/main.c:677:6:StartMotorTask	24	static
../Core/Src/main.c:703:6:StartMainTask	16	static
../Core/Src/main.c:736:6:StartObjectDetectTask	32	static
../Core/Src/main.c:769:6:HAL_TIM_PeriodElapsedCallback	16	static
../Core/Src/main.c:783:6:EmptyBuffer	24	static
../Core/Src/main.c:796:6:Error_Handler	4	static,ignoring_inline_asm
