../Core/Src/main.c:140:5:main	376	static
../Core/Src/main.c:279:6:SystemClock_Config	88	static
../Core/Src/main.c:323:13:MX_NVIC_Init	8	static
../Core/Src/main.c:335:13:MX_USART2_UART_Init	8	static
../Core/Src/main.c:368:13:MX_GPIO_Init	48	static
../Core/Src/main.c:414:6:HAL_GPIO_EXTI_Callback	16	static
../Core/Src/main.c:424:6:HAL_UART_RxCpltCallback	24	static
../Core/Src/main.c:483:6:StartImuTask	72	static
../Core/Src/main.c:518:6:StartGpsTask	48	static
../Core/Src/main.c:554:6:StartKFTask	48	static
../Core/Src/main.c:591:6:StartRadarTask	24	static
../Core/Src/main.c:647:6:StartExButtonIntTask	40	static
../Core/Src/main.c:703:6:StartLcdTask	16	static
../Core/Src/main.c:726:6:StartMotorTask	16	static
../Core/Src/main.c:766:6:StartMainTask	16	static
../Core/Src/main.c:801:6:StartObjectDetectTask	32	static
../Core/Src/main.c:842:6:StartUartTask	48	static
../Core/Src/main.c:884:6:EmptyBuffer	24	static
../Core/Src/main.c:901:6:HAL_TIM_PeriodElapsedCallback	16	static
../Core/Src/main.c:918:6:Error_Handler	4	static,ignoring_inline_asm
